{
    "card.tar.gz": {
        "content": [
            "card.tar.gz"
        ],
        "timestamp": "2023-11-29T17:35:11.397206"
    }
}