{
    "versions": {
        "content": [
            [
                "versions.yml:md5,98363d30a08faf8ebda127cf44584ebe"
            ]
        ],
        "timestamp": "2023-11-28T16:56:05.056901"
    },
    "illumina - fatsq": {
        "content": [
            [
                
            ]
        ],
        "timestamp": "2023-11-28T16:56:05.049162"
    }
}